 +===================================================================+
 | Test the ``say_my_name()`` function from the 3-say_my_name module |
 +===================================================================+

>>> say_my_name = __import__("3-say_my_name").say_my_name

+===================+
|   Correct Cases   |
+===================+
>>> say_my_name("John")
My name is John 
>>> say_my_name("John", "Eric")
My name is John Eric

+===================+
|    Wrong Cases    |
+===================+
>>> say_my_name([1, 2, 3], "John")
Traceback (most recent call last):
TypeError: first_name must be a string

>>> say_my_name(["John"], "Eric")
Traceback (most recent call last):
TypeError: first_name must be a string

>>> say_my_name("Harrison", ("John", "Eric"))
Traceback (most recent call last):
TypeError: last_name must be a string

>>> say_my_name(1, 2)
Traceback (most recent call last):
TypeError: first_name must be a string

